﻿
  [39;41;1m FAIL [39;49;22m[39m Tests\Feature\AuthTest[39m
  [31;1mÔ¿»[39;22m[90m [39m[90ma guest is redirected to the login page when opening tasks[39m[90m          [39m [90m1.61s[39m  
  [31;1mÔ¿»[39;22m[90m [39m[90ma user can register with a unique email[39m[90m                             [39m [90m0.62s[39m  
  [31;1mÔ¿»[39;22m[90m [39m[90mregistration rejects duplicate emails regardless of case[39m[90m            [39m [90m0.68s[39m  
  [31;1mÔ¿»[39;22m[90m [39m[90ma user can log in with email and password[39m[90m                           [39m [90m0.71s[39m  
  [31mÔöÇÔöÇÔöÇÔöÇÔöÇÔöÇÔöÇÔöÇÔöÇÔöÇÔöÇÔöÇÔöÇÔöÇÔöÇÔöÇÔöÇÔöÇÔöÇÔöÇÔöÇÔöÇÔöÇÔöÇÔöÇÔöÇÔöÇÔöÇÔöÇÔöÇÔöÇÔöÇÔöÇÔöÇÔöÇÔöÇÔöÇÔöÇÔöÇÔöÇÔöÇÔöÇÔöÇÔöÇÔöÇÔöÇÔöÇÔöÇÔöÇÔöÇÔöÇÔöÇÔöÇÔöÇÔöÇÔöÇÔöÇÔöÇÔöÇÔöÇÔöÇÔöÇÔöÇÔöÇÔöÇÔöÇÔöÇÔöÇÔöÇÔöÇÔöÇÔöÇÔöÇÔöÇÔöÇÔöÇ[39m  
  [41;1m FAILED [49;22m [1mTests\Feature\AuthTest[22m [90m>[39m a guest is redirected to the login pageÔÇª    
[39;1m  Expected response status code [201, 301, 302, 303, 307, 308] but received 500.
Failed asserting that false is true.

The following exception occurred during the last request:

InvalidArgumentException: Auth guard [] is not defined. in C:\Users\ruben\OneDrive\Desktop\task-manager-laravel\vendor\laravel\framework\src\Illuminate\Auth\AuthManager.php:90
Stack trace:
#0 C:\Users\ruben\OneDrive\Desktop\task-manager-laravel\vendor\laravel\framework\src\Illuminate\Auth\AuthManager.php(74): Illuminate\Auth\AuthManager->resolve(NULL)
#1 C:\Users\ruben\OneDrive\Desktop\task-manager-laravel\vendor\laravel\framework\src\Illuminate\Auth\Middleware\Authenticate.php(82): Illuminate\Auth\AuthManager->guard(NULL)
#2 C:\Users\ruben\OneDrive\Desktop\task-manager-laravel\vendor\laravel\framework\src\Illuminate\Auth\Middleware\Authenticate.php(61): Illuminate\Auth\Middleware\Authenticate->authenticate(Object(Illuminate\Http\Request), Array)
#3 C:\Users\ruben\OneDrive\Desktop\task-manager-laravel\vendor\laravel\framework\src\Illuminate\Pipeline\Pipeline.php(219): Illuminate\Auth\Middleware\Authenticate->handle(Object(Illuminate\Http\Request), Object(Closure))
#4 C:\Users\ruben\OneDrive\Desktop\task-manager-laravel\vendor\laravel\framework\src\Illuminate\Foundation\Http\Middleware\PreventRequestForgery.php(104): Illuminate\Pipeline\Pipeline->{closure:{closure:Illuminate\Pipeline\Pipeline::carry():194}:195}(Object(Illuminate\Http\Request))
#5 C:\Users\ruben\OneDrive\Desktop\task-manager-laravel\vendor\laravel\framework\src\Illuminate\Pipeline\Pipeline.php(219): Illuminate\Foundation\Http\Middleware\PreventRequestForgery->handle(Object(Illuminate\Http\Request), Object(Closure))
#6 C:\Users\ruben\OneDrive\Desktop\task-manager-laravel\vendor\laravel\framework\src\Illuminate\View\Middleware\ShareErrorsFromSession.php(48): Illuminate\Pipeline\Pipeline->{closure:{closure:Illuminate\Pipeline\Pipeline::carry():194}:195}(Object(Illuminate\Http\Request))
#7 C:\Users\ruben\OneDrive\Desktop\task-manager-laravel\vendor\laravel\framework\src\Illuminate\Pipeline\Pipeline.php(219): Illuminate\View\Middleware\ShareErrorsFromSession->handle(Object(Illuminate\Http\Request), Object(Closure))
#8 C:\Users\ruben\OneDrive\Desktop\task-manager-laravel\vendor\laravel\framework\src\Illuminate\Session\Middleware\StartSession.php(120): Illuminate\Pipeline\Pipeline->{closure:{closure:Illuminate\Pipeline\Pipeline::carry():194}:195}(Object(Illuminate\Http\Request))
#9 C:\Users\ruben\OneDrive\Desktop\task-manager-laravel\vendor\laravel\framework\src\Illuminate\Session\Middleware\StartSession.php(63): Illuminate\Session\Middleware\StartSession->handleStatefulRequest(Object(Illuminate\Http\Request), Object(Illuminate\Session\Store), Object(Closure))
#10 C:\Users\ruben\OneDrive\Desktop\task-manager-laravel\vendor\laravel\framework\src\Illuminate\Pipeline\Pipeline.php(219): Illuminate\Session\Middleware\StartSession->handle(Object(Illuminate\Http\Request), Object(Closure))
#11 C:\Users\ruben\OneDrive\Desktop\task-manager-laravel\vendor\laravel\framework\src\Illuminate\Cookie\Middleware\AddQueuedCookiesToResponse.php(36): Illuminate\Pipeline\Pipeline->{closure:{closure:Illuminate\Pipeline\Pipeline::carry():194}:195}(Object(Illuminate\Http\Request))
#12 C:\Users\ruben\OneDrive\Desktop\task-manager-laravel\vendor\laravel\framework\src\Illuminate\Pipeline\Pipeline.php(219): Illuminate\Cookie\Middleware\AddQueuedCookiesToResponse->handle(Object(Illuminate\Http\Request), Object(Closure))
#13 C:\Users\ruben\OneDrive\Desktop\task-manager-laravel\vendor\laravel\framework\src\Illuminate\Cookie\Middleware\EncryptCookies.php(74): Illuminate\Pipeline\Pipeline->{closure:{closure:Illuminate\Pipeline\Pipeline::carry():194}:195}(Object(Illuminate\Http\Request))
#14 C:\Users\ruben\OneDrive\Desktop\task-manager-laravel\vendor\laravel\framework\src\Illuminate\Pipeline\Pipeline.php(219): Illuminate\Cookie\Middleware\EncryptCookies->handle(Object(Illuminate\Http\Request), Object(Closure))
#15 C:\Users\ruben\OneDrive\Desktop\task-manager-laravel\vendor\laravel\framework\src\Illuminate\Pipeline\Pipeline.php(137): Illuminate\Pipeline\Pipeline->{closure:{closure:Illuminate\Pipeline\Pipeline::carry():194}:195}(Object(Illuminate\Http\Request))
#16 C:\Users\ruben\OneDrive\Desktop\task-manager-laravel\vendor\laravel\framework\src\Illuminate\Routing\Router.php(821): Illuminate\Pipeline\Pipeline->then(Object(Closure))
#17 C:\Users\ruben\OneDrive\Desktop\task-manager-laravel\vendor\laravel\framework\src\Illuminate\Routing\Router.php(800): Illuminate\Routing\Router->runRouteWithinStack(Object(Illuminate\Routing\Route), Object(Illuminate\Http\Request))
#18 C:\Users\ruben\OneDrive\Desktop\task-manager-laravel\vendor\laravel\framework\src\Illuminate\Routing\Router.php(764): Illuminate\Routing\Router->runRoute(Object(Illuminate\Http\Request), Object(Illuminate\Routing\Route))
#19 C:\Users\ruben\OneDrive\Desktop\task-manager-laravel\vendor\laravel\framework\src\Illuminate\Routing\Router.php(753): Illuminate\Routing\Router->dispatchToRoute(Object(Illuminate\Http\Request))
#20 C:\Users\ruben\OneDrive\Desktop\task-manager-laravel\vendor\laravel\framework\src\Illuminate\Foundation\Http\Kernel.php(200): Illuminate\Routing\Router->dispatch(Object(Illuminate\Http\Request))
#21 C:\Users\ruben\OneDrive\Desktop\task-manager-laravel\vendor\laravel\framework\src\Illuminate\Pipeline\Pipeline.php(180): Illuminate\Foundation\Http\Kernel->{closure:Illuminate\Foundation\Http\Kernel::dispatchToRouter():197}(Object(Illuminate\Http\Request))
#22 C:\Users\ruben\OneDrive\Desktop\task-manager-laravel\vendor\laravel\framework\src\Illuminate\Foundation\Http\Middleware\TransformsRequest.php(21): Illuminate\Pipeline\Pipeline->{closure:Illuminate\Pipeline\Pipeline::prepareDestination():178}(Object(Illuminate\Http\Request))
#23 C:\Users\ruben\OneDrive\Desktop\task-manager-laravel\vendor\laravel\framework\src\Illuminate\Foundation\Http\Middleware\ConvertEmptyStringsToNull.php(31): Illuminate\Foundation\Http\Middleware\TransformsRequest->handle(Object(Illuminate\Http\Request), Object(Closure))
#24 C:\Users\ruben\OneDrive\Desktop\task-manager-laravel\vendor\laravel\framework\src\Illuminate\Pipeline\Pipeline.php(219): Illuminate\Foundation\Http\Middleware\ConvertEmptyStringsToNull->handle(Object(Illuminate\Http\Request), Object(Closure))
#25 C:\Users\ruben\OneDrive\Desktop\task-manager-laravel\vendor\laravel\framework\src\Illuminate\Foundation\Http\Middleware\TransformsRequest.php(21): Illuminate\Pipeline\Pipeline->{closure:{closure:Illuminate\Pipeline\Pipeline::carry():194}:195}(Object(Illuminate\Http\Request))
#26 C:\Users\ruben\OneDrive\Desktop\task-manager-laravel\vendor\laravel\framework\src\Illuminate\Foundation\Http\Middleware\TrimStrings.php(51): Illuminate\Foundation\Http\Middleware\TransformsRequest->handle(Object(Illuminate\Http\Request), Object(Closure))
#27 C:\Users\ruben\OneDrive\Desktop\task-manager-laravel\vendor\laravel\framework\src\Illuminate\Pipeline\Pipeline.php(219): Illuminate\Foundation\Http\Middleware\TrimStrings->handle(Object(Illuminate\Http\Request), Object(Closure))
#28 C:\Users\ruben\OneDrive\Desktop\task-manager-laravel\vendor\laravel\framework\src\Illuminate\Http\Middleware\ValidatePostSize.php(27): Illuminate\Pipeline\Pipeline->{closure:{closure:Illuminate\Pipeline\Pipeline::carry():194}:195}(Object(Illuminate\Http\Request))
#29 C:\Users\ruben\OneDrive\Desktop\task-manager-laravel\vendor\laravel\framework\src\Illuminate\Pipeline\Pipeline.php(219): Illuminate\Http\Middleware\ValidatePostSize->handle(Object(Illuminate\Http\Request), Object(Closure))
#30 C:\Users\ruben\OneDrive\Desktop\task-manager-laravel\vendor\laravel\framework\src\Illuminate\Foundation\Http\Middleware\PreventRequestsDuringMaintenance.php(109): Illuminate\Pipeline\Pipeline->{closure:{closure:Illuminate\Pipeline\Pipeline::carry():194}:195}(Object(Illuminate\Http\Request))
#31 C:\Users\ruben\OneDrive\Desktop\task-manager-laravel\vendor\laravel\framework\src\Illuminate\Pipeline\Pipeline.php(219): Illuminate\Foundation\Http\Middleware\PreventRequestsDuringMaintenance->handle(Object(Illuminate\Http\Request), Object(Closure))
#32 C:\Users\ruben\OneDrive\Desktop\task-manager-laravel\vendor\laravel\framework\src\Illuminate\Http\Middleware\HandleCors.php(61): Illuminate\Pipeline\Pipeline->{closure:{closure:Illuminate\Pipeline\Pipeline::carry():194}:195}(Object(Illuminate\Http\Request))
#33 C:\Users\ruben\OneDrive\Desktop\task-manager-laravel\vendor\laravel\framework\src\Illuminate\Pipeline\Pipeline.php(219): Illuminate\Http\Middleware\HandleCors->handle(Object(Illuminate\Http\Request), Object(Closure))
#34 C:\Users\ruben\OneDrive\Desktop\task-manager-laravel\vendor\laravel\framework\src\Illuminate\Http\Middleware\TrustProxies.php(58): Illuminate\Pipeline\Pipeline->{closure:{closure:Illuminate\Pipeline\Pipeline::carry():194}:195}(Object(Illuminate\Http\Request))
#35 C:\Users\ruben\OneDrive\Desktop\task-manager-laravel\vendor\laravel\framework\src\Illuminate\Pipeline\Pipeline.php(219): Illuminate\Http\Middleware\TrustProxies->handle(Object(Illuminate\Http\Request), Object(Closure))
#36 C:\Users\ruben\OneDrive\Desktop\task-manager-laravel\vendor\laravel\framework\src\Illuminate\Foundation\Http\Middleware\InvokeDeferredCallbacks.php(22): Illuminate\Pipeline\Pipeline->{closure:{closure:Illuminate\Pipeline\Pipeline::carry():194}:195}(Object(Illuminate\Http\Request))
#37 C:\Users\ruben\OneDrive\Desktop\task-manager-laravel\vendor\laravel\framework\src\Illuminate\Pipeline\Pipeline.php(219): Illuminate\Foundation\Http\Middleware\InvokeDeferredCallbacks->handle(Object(Illuminate\Http\Request), Object(Closure))
#38 C:\Users\ruben\OneDrive\Desktop\task-manager-laravel\vendor\laravel\framework\src\Illuminate\Http\Middleware\ValidatePathEncoding.php(28): Illuminate\Pipeline\Pipeline->{closure:{closure:Illuminate\Pipeline\Pipeline::carry():194}:195}(Object(Illuminate\Http\Request))
#39 C:\Users\ruben\OneDrive\Desktop\task-manager-laravel\vendor\laravel\framework\src\Illuminate\Pipeline\Pipeline.php(219): Illuminate\Http\Middleware\ValidatePathEncoding->handle(Object(Illuminate\Http\Request), Object(Closure))
#40 C:\Users\ruben\OneDrive\Desktop\task-manager-laravel\vendor\laravel\framework\src\Illuminate\Pipeline\Pipeline.php(137): Illuminate\Pipeline\Pipeline->{closure:{closure:Illuminate\Pipeline\Pipeline::carry():194}:195}(Object(Illuminate\Http\Request))
#41 C:\Users\ruben\OneDrive\Desktop\task-manager-laravel\vendor\laravel\framework\src\Illuminate\Foundation\Http\Kernel.php(175): Illuminate\Pipeline\Pipeline->then(Object(Closure))
#42 C:\Users\ruben\OneDrive\Desktop\task-manager-laravel\vendor\laravel\framework\src\Illuminate\Foundation\Http\Kernel.php(144): Illuminate\Foundation\Http\Kernel->sendRequestThroughRouter(Object(Illuminate\Http\Request))
#43 C:\Users\ruben\OneDrive\Desktop\task-manager-laravel\vendor\laravel\framework\src\Illuminate\Foundation\Testing\Concerns\MakesHttpRequests.php(607): Illuminate\Foundation\Http\Kernel->handle(Object(Illuminate\Http\Request))
#44 C:\Users\ruben\OneDrive\Desktop\task-manager-laravel\vendor\laravel\framework\src\Illuminate\Foundation\Testing\Concerns\MakesHttpRequests.php(368): Illuminate\Foundation\Testing\TestCase->call('GET', '/tasks', Array, Array, Array, Array)
#45 C:\Users\ruben\OneDrive\Desktop\task-manager-laravel\tests\Feature\AuthTest.php(15): Illuminate\Foundation\Testing\TestCase->get('/tasks')
#46 C:\Users\ruben\OneDrive\Desktop\task-manager-laravel\vendor\phpunit\phpunit\src\Framework\TestCase.php(1310): Tests\Feature\AuthTest->test_a_guest_is_redirected_to_the_login_page_when_opening_tasks()
#47 C:\Users\ruben\OneDrive\Desktop\task-manager-laravel\vendor\phpunit\phpunit\src\Framework\TestCase.php(1344): PHPUnit\Framework\TestCase->invokeTestMethod('test_a_guest_is...', Array)
#48 C:\Users\ruben\OneDrive\Desktop\task-manager-laravel\vendor\phpunit\phpunit\src\Framework\TestCase.php(520): PHPUnit\Framework\TestCase->runTest()
#49 C:\Users\ruben\OneDrive\Desktop\task-manager-laravel\vendor\phpunit\phpunit\src\Framework\TestRunner\TestRunner.php(99): PHPUnit\Framework\TestCase->runBare()
#50 C:\Users\ruben\OneDrive\Desktop\task-manager-laravel\vendor\phpunit\phpunit\src\Framework\TestCase.php(360): PHPUnit\Framework\TestRunner->run(Object(Tests\Feature\AuthTest))
#51 C:\Users\ruben\OneDrive\Desktop\task-manager-laravel\vendor\phpunit\phpunit\src\Framework\TestSuite.php(374): PHPUnit\Framework\TestCase->run()
#52 C:\Users\ruben\OneDrive\Desktop\task-manager-laravel\vendor\phpunit\phpunit\src\Framework\TestSuite.php(374): PHPUnit\Framework\TestSuite->run()
#53 C:\Users\ruben\OneDrive\Desktop\task-manager-laravel\vendor\phpunit\phpunit\src\Framework\TestSuite.php(374): PHPUnit\Framework\TestSuite->run()
#54 C:\Users\ruben\OneDrive\Desktop\task-manager-laravel\vendor\phpunit\phpunit\src\TextUI\TestRunner.php(64): PHPUnit\Framework\TestSuite->run()
#55 C:\Users\ruben\OneDrive\Desktop\task-manager-laravel\vendor\phpunit\phpunit\src\TextUI\Application.php(229): PHPUnit\TextUI\TestRunner->run(Object(PHPUnit\TextUI\Configuration\Configuration), Object(PHPUnit\Runner\ResultCache\DefaultResultCache), Object(PHPUnit\Framework\TestSuite))
#56 C:\Users\ruben\OneDrive\Desktop\task-manager-laravel\vendor\phpunit\phpunit\phpunit(104): PHPUnit\TextUI\Application->run(Array)
#57 {main}

----------------------------------------------------------------------------------

Auth guard [] is not defined.[39;22m

  at [32mtests\Feature\AuthTest.php[39m:[32m17[39m
     13Ôûò     public function test_a_guest_is_redirected_to_the_login_page_when_opening_tasks(): void
     14Ôûò     {
     15Ôûò         $response = $this->get('/tasks');
     16Ôûò 
  Ô×£  17Ôûò         $response->assertRedirect('/login');
     18Ôûò     }
     19Ôûò 
     20Ôûò     public function test_a_user_can_register_with_a_unique_email(): void
     21Ôûò     {

  [31mÔöÇÔöÇÔöÇÔöÇÔöÇÔöÇÔöÇÔöÇÔöÇÔöÇÔöÇÔöÇÔöÇÔöÇÔöÇÔöÇÔöÇÔöÇÔöÇÔöÇÔöÇÔöÇÔöÇÔöÇÔöÇÔöÇÔöÇÔöÇÔöÇÔöÇÔöÇÔöÇÔöÇÔöÇÔöÇÔöÇÔöÇÔöÇÔöÇÔöÇÔöÇÔöÇÔöÇÔöÇÔöÇÔöÇÔöÇÔöÇÔöÇÔöÇÔöÇÔöÇÔöÇÔöÇÔöÇÔöÇÔöÇÔöÇÔöÇÔöÇÔöÇÔöÇÔöÇÔöÇÔöÇÔöÇÔöÇÔöÇÔöÇÔöÇÔöÇÔöÇÔöÇÔöÇÔöÇÔöÇ[39m  
  [41;1m FAILED [49;22m [1mTests\Feature\AuthTest[22m [90m>[39m a user can register with a unique email     
[39;1m  Expected response status code [201, 301, 302, 303, 307, 308] but received 500.
Failed asserting that false is true.

The following exception occurred during the last request:

InvalidArgumentException: Auth guard [] is not defined. in C:\Users\ruben\OneDrive\Desktop\task-manager-laravel\vendor\laravel\framework\src\Illuminate\Auth\AuthManager.php:90
Stack trace:
#0 C:\Users\ruben\OneDrive\Desktop\task-manager-laravel\vendor\laravel\framework\src\Illuminate\Auth\AuthManager.php(74): Illuminate\Auth\AuthManager->resolve(NULL)
#1 C:\Users\ruben\OneDrive\Desktop\task-manager-laravel\vendor\laravel\framework\src\Illuminate\Support\Facades\Facade.php(363): Illuminate\Auth\AuthManager->guard(NULL)
#2 C:\Users\ruben\OneDrive\Desktop\task-manager-laravel\vendor\laravel\framework\src\Illuminate\Auth\Middleware\RedirectIfAuthenticated.php(42): Illuminate\Support\Facades\Facade::__callStatic('guard', Array)
#3 C:\Users\ruben\OneDrive\Desktop\task-manager-laravel\vendor\laravel\framework\src\Illuminate\Pipeline\Pipeline.php(219): Illuminate\Auth\Middleware\RedirectIfAuthenticated->handle(Object(Illuminate\Http\Request), Object(Closure))
#4 C:\Users\ruben\OneDrive\Desktop\task-manager-laravel\vendor\laravel\framework\src\Illuminate\Routing\Middleware\SubstituteBindings.php(52): Illuminate\Pipeline\Pipeline->{closure:{closure:Illuminate\Pipeline\Pipeline::carry():194}:195}(Object(Illuminate\Http\Request))
#5 C:\Users\ruben\OneDrive\Desktop\task-manager-laravel\vendor\laravel\framework\src\Illuminate\Pipeline\Pipeline.php(219): Illuminate\Routing\Middleware\SubstituteBindings->handle(Object(Illuminate\Http\Request), Object(Closure))
#6 C:\Users\ruben\OneDrive\Desktop\task-manager-laravel\vendor\laravel\framework\src\Illuminate\Foundation\Http\Middleware\PreventRequestForgery.php(104): Illuminate\Pipeline\Pipeline->{closure:{closure:Illuminate\Pipeline\Pipeline::carry():194}:195}(Object(Illuminate\Http\Request))
#7 C:\Users\ruben\OneDrive\Desktop\task-manager-laravel\vendor\laravel\framework\src\Illuminate\Pipeline\Pipeline.php(219): Illuminate\Foundation\Http\Middleware\PreventRequestForgery->handle(Object(Illuminate\Http\Request), Object(Closure))
#8 C:\Users\ruben\OneDrive\Desktop\task-manager-laravel\vendor\laravel\framework\src\Illuminate\View\Middleware\ShareErrorsFromSession.php(48): Illuminate\Pipeline\Pipeline->{closure:{closure:Illuminate\Pipeline\Pipeline::carry():194}:195}(Object(Illuminate\Http\Request))
#9 C:\Users\ruben\OneDrive\Desktop\task-manager-laravel\vendor\laravel\framework\src\Illuminate\Pipeline\Pipeline.php(219): Illuminate\View\Middleware\ShareErrorsFromSession->handle(Object(Illuminate\Http\Request), Object(Closure))
#10 C:\Users\ruben\OneDrive\Desktop\task-manager-laravel\vendor\laravel\framework\src\Illuminate\Session\Middleware\StartSession.php(120): Illuminate\Pipeline\Pipeline->{closure:{closure:Illuminate\Pipeline\Pipeline::carry():194}:195}(Object(Illuminate\Http\Request))
#11 C:\Users\ruben\OneDrive\Desktop\task-manager-laravel\vendor\laravel\framework\src\Illuminate\Session\Middleware\StartSession.php(63): Illuminate\Session\Middleware\StartSession->handleStatefulRequest(Object(Illuminate\Http\Request), Object(Illuminate\Session\Store), Object(Closure))
#12 C:\Users\ruben\OneDrive\Desktop\task-manager-laravel\vendor\laravel\framework\src\Illuminate\Pipeline\Pipeline.php(219): Illuminate\Session\Middleware\StartSession->handle(Object(Illuminate\Http\Request), Object(Closure))
#13 C:\Users\ruben\OneDrive\Desktop\task-manager-laravel\vendor\laravel\framework\src\Illuminate\Cookie\Middleware\AddQueuedCookiesToResponse.php(36): Illuminate\Pipeline\Pipeline->{closure:{closure:Illuminate\Pipeline\Pipeline::carry():194}:195}(Object(Illuminate\Http\Request))
#14 C:\Users\ruben\OneDrive\Desktop\task-manager-laravel\vendor\laravel\framework\src\Illuminate\Pipeline\Pipeline.php(219): Illuminate\Cookie\Middleware\AddQueuedCookiesToResponse->handle(Object(Illuminate\Http\Request), Object(Closure))
#15 C:\Users\ruben\OneDrive\Desktop\task-manager-laravel\vendor\laravel\framework\src\Illuminate\Cookie\Middleware\EncryptCookies.php(74): Illuminate\Pipeline\Pipeline->{closure:{closure:Illuminate\Pipeline\Pipeline::carry():194}:195}(Object(Illuminate\Http\Request))
#16 C:\Users\ruben\OneDrive\Desktop\task-manager-laravel\vendor\laravel\framework\src\Illuminate\Pipeline\Pipeline.php(219): Illuminate\Cookie\Middleware\EncryptCookies->handle(Object(Illuminate\Http\Request), Object(Closure))
#17 C:\Users\ruben\OneDrive\Desktop\task-manager-laravel\vendor\laravel\framework\src\Illuminate\Pipeline\Pipeline.php(137): Illuminate\Pipeline\Pipeline->{closure:{closure:Illuminate\Pipeline\Pipeline::carry():194}:195}(Object(Illuminate\Http\Request))
#18 C:\Users\ruben\OneDrive\Desktop\task-manager-laravel\vendor\laravel\framework\src\Illuminate\Routing\Router.php(821): Illuminate\Pipeline\Pipeline->then(Object(Closure))
#19 C:\Users\ruben\OneDrive\Desktop\task-manager-laravel\vendor\laravel\framework\src\Illuminate\Routing\Router.php(800): Illuminate\Routing\Router->runRouteWithinStack(Object(Illuminate\Routing\Route), Object(Illuminate\Http\Request))
#20 C:\Users\ruben\OneDrive\Desktop\task-manager-laravel\vendor\laravel\framework\src\Illuminate\Routing\Router.php(764): Illuminate\Routing\Router->runRoute(Object(Illuminate\Http\Request), Object(Illuminate\Routing\Route))
#21 C:\Users\ruben\OneDrive\Desktop\task-manager-laravel\vendor\laravel\framework\src\Illuminate\Routing\Router.php(753): Illuminate\Routing\Router->dispatchToRoute(Object(Illuminate\Http\Request))
#22 C:\Users\ruben\OneDrive\Desktop\task-manager-laravel\vendor\laravel\framework\src\Illuminate\Foundation\Http\Kernel.php(200): Illuminate\Routing\Router->dispatch(Object(Illuminate\Http\Request))
#23 C:\Users\ruben\OneDrive\Desktop\task-manager-laravel\vendor\laravel\framework\src\Illuminate\Pipeline\Pipeline.php(180): Illuminate\Foundation\Http\Kernel->{closure:Illuminate\Foundation\Http\Kernel::dispatchToRouter():197}(Object(Illuminate\Http\Request))
#24 C:\Users\ruben\OneDrive\Desktop\task-manager-laravel\vendor\laravel\framework\src\Illuminate\Foundation\Http\Middleware\TransformsRequest.php(21): Illuminate\Pipeline\Pipeline->{closure:Illuminate\Pipeline\Pipeline::prepareDestination():178}(Object(Illuminate\Http\Request))
#25 C:\Users\ruben\OneDrive\Desktop\task-manager-laravel\vendor\laravel\framework\src\Illuminate\Foundation\Http\Middleware\ConvertEmptyStringsToNull.php(31): Illuminate\Foundation\Http\Middleware\TransformsRequest->handle(Object(Illuminate\Http\Request), Object(Closure))
#26 C:\Users\ruben\OneDrive\Desktop\task-manager-laravel\vendor\laravel\framework\src\Illuminate\Pipeline\Pipeline.php(219): Illuminate\Foundation\Http\Middleware\ConvertEmptyStringsToNull->handle(Object(Illuminate\Http\Request), Object(Closure))
#27 C:\Users\ruben\OneDrive\Desktop\task-manager-laravel\vendor\laravel\framework\src\Illuminate\Foundation\Http\Middleware\TransformsRequest.php(21): Illuminate\Pipeline\Pipeline->{closure:{closure:Illuminate\Pipeline\Pipeline::carry():194}:195}(Object(Illuminate\Http\Request))
#28 C:\Users\ruben\OneDrive\Desktop\task-manager-laravel\vendor\laravel\framework\src\Illuminate\Foundation\Http\Middleware\TrimStrings.php(51): Illuminate\Foundation\Http\Middleware\TransformsRequest->handle(Object(Illuminate\Http\Request), Object(Closure))
#29 C:\Users\ruben\OneDrive\Desktop\task-manager-laravel\vendor\laravel\framework\src\Illuminate\Pipeline\Pipeline.php(219): Illuminate\Foundation\Http\Middleware\TrimStrings->handle(Object(Illuminate\Http\Request), Object(Closure))
#30 C:\Users\ruben\OneDrive\Desktop\task-manager-laravel\vendor\laravel\framework\src\Illuminate\Http\Middleware\ValidatePostSize.php(27): Illuminate\Pipeline\Pipeline->{closure:{closure:Illuminate\Pipeline\Pipeline::carry():194}:195}(Object(Illuminate\Http\Request))
#31 C:\Users\ruben\OneDrive\Desktop\task-manager-laravel\vendor\laravel\framework\src\Illuminate\Pipeline\Pipeline.php(219): Illuminate\Http\Middleware\ValidatePostSize->handle(Object(Illuminate\Http\Request), Object(Closure))
#32 C:\Users\ruben\OneDrive\Desktop\task-manager-laravel\vendor\laravel\framework\src\Illuminate\Foundation\Http\Middleware\PreventRequestsDuringMaintenance.php(109): Illuminate\Pipeline\Pipeline->{closure:{closure:Illuminate\Pipeline\Pipeline::carry():194}:195}(Object(Illuminate\Http\Request))
#33 C:\Users\ruben\OneDrive\Desktop\task-manager-laravel\vendor\laravel\framework\src\Illuminate\Pipeline\Pipeline.php(219): Illuminate\Foundation\Http\Middleware\PreventRequestsDuringMaintenance->handle(Object(Illuminate\Http\Request), Object(Closure))
#34 C:\Users\ruben\OneDrive\Desktop\task-manager-laravel\vendor\laravel\framework\src\Illuminate\Http\Middleware\HandleCors.php(61): Illuminate\Pipeline\Pipeline->{closure:{closure:Illuminate\Pipeline\Pipeline::carry():194}:195}(Object(Illuminate\Http\Request))
#35 C:\Users\ruben\OneDrive\Desktop\task-manager-laravel\vendor\laravel\framework\src\Illuminate\Pipeline\Pipeline.php(219): Illuminate\Http\Middleware\HandleCors->handle(Object(Illuminate\Http\Request), Object(Closure))
#36 C:\Users\ruben\OneDrive\Desktop\task-manager-laravel\vendor\laravel\framework\src\Illuminate\Http\Middleware\TrustProxies.php(58): Illuminate\Pipeline\Pipeline->{closure:{closure:Illuminate\Pipeline\Pipeline::carry():194}:195}(Object(Illuminate\Http\Request))
#37 C:\Users\ruben\OneDrive\Desktop\task-manager-laravel\vendor\laravel\framework\src\Illuminate\Pipeline\Pipeline.php(219): Illuminate\Http\Middleware\TrustProxies->handle(Object(Illuminate\Http\Request), Object(Closure))
#38 C:\Users\ruben\OneDrive\Desktop\task-manager-laravel\vendor\laravel\framework\src\Illuminate\Foundation\Http\Middleware\InvokeDeferredCallbacks.php(22): Illuminate\Pipeline\Pipeline->{closure:{closure:Illuminate\Pipeline\Pipeline::carry():194}:195}(Object(Illuminate\Http\Request))
#39 C:\Users\ruben\OneDrive\Desktop\task-manager-laravel\vendor\laravel\framework\src\Illuminate\Pipeline\Pipeline.php(219): Illuminate\Foundation\Http\Middleware\InvokeDeferredCallbacks->handle(Object(Illuminate\Http\Request), Object(Closure))
#40 C:\Users\ruben\OneDrive\Desktop\task-manager-laravel\vendor\laravel\framework\src\Illuminate\Http\Middleware\ValidatePathEncoding.php(28): Illuminate\Pipeline\Pipeline->{closure:{closure:Illuminate\Pipeline\Pipeline::carry():194}:195}(Object(Illuminate\Http\Request))
#41 C:\Users\ruben\OneDrive\Desktop\task-manager-laravel\vendor\laravel\framework\src\Illuminate\Pipeline\Pipeline.php(219): Illuminate\Http\Middleware\ValidatePathEncoding->handle(Object(Illuminate\Http\Request), Object(Closure))
#42 C:\Users\ruben\OneDrive\Desktop\task-manager-laravel\vendor\laravel\framework\src\Illuminate\Pipeline\Pipeline.php(137): Illuminate\Pipeline\Pipeline->{closure:{closure:Illuminate\Pipeline\Pipeline::carry():194}:195}(Object(Illuminate\Http\Request))
#43 C:\Users\ruben\OneDrive\Desktop\task-manager-laravel\vendor\laravel\framework\src\Illuminate\Foundation\Http\Kernel.php(175): Illuminate\Pipeline\Pipeline->then(Object(Closure))
#44 C:\Users\ruben\OneDrive\Desktop\task-manager-laravel\vendor\laravel\framework\src\Illuminate\Foundation\Http\Kernel.php(144): Illuminate\Foundation\Http\Kernel->sendRequestThroughRouter(Object(Illuminate\Http\Request))
#45 C:\Users\ruben\OneDrive\Desktop\task-manager-laravel\vendor\laravel\framework\src\Illuminate\Foundation\Testing\Concerns\MakesHttpRequests.php(607): Illuminate\Foundation\Http\Kernel->handle(Object(Illuminate\Http\Request))
#46 C:\Users\ruben\OneDrive\Desktop\task-manager-laravel\vendor\laravel\framework\src\Illuminate\Foundation\Testing\Concerns\MakesHttpRequests.php(397): Illuminate\Foundation\Testing\TestCase->call('POST', '/register', Array, Array, Array, Array)
#47 C:\Users\ruben\OneDrive\Desktop\task-manager-laravel\tests\Feature\AuthTest.php(22): Illuminate\Foundation\Testing\TestCase->post('/register', Array)
#48 C:\Users\ruben\OneDrive\Desktop\task-manager-laravel\vendor\phpunit\phpunit\src\Framework\TestCase.php(1310): Tests\Feature\AuthTest->test_a_user_can_register_with_a_unique_email()
#49 C:\Users\ruben\OneDrive\Desktop\task-manager-laravel\vendor\phpunit\phpunit\src\Framework\TestCase.php(1344): PHPUnit\Framework\TestCase->invokeTestMethod('test_a_user_can...', Array)
#50 C:\Users\ruben\OneDrive\Desktop\task-manager-laravel\vendor\phpunit\phpunit\src\Framework\TestCase.php(520): PHPUnit\Framework\TestCase->runTest()
#51 C:\Users\ruben\OneDrive\Desktop\task-manager-laravel\vendor\phpunit\phpunit\src\Framework\TestRunner\TestRunner.php(99): PHPUnit\Framework\TestCase->runBare()
#52 C:\Users\ruben\OneDrive\Desktop\task-manager-laravel\vendor\phpunit\phpunit\src\Framework\TestCase.php(360): PHPUnit\Framework\TestRunner->run(Object(Tests\Feature\AuthTest))
#53 C:\Users\ruben\OneDrive\Desktop\task-manager-laravel\vendor\phpunit\phpunit\src\Framework\TestSuite.php(374): PHPUnit\Framework\TestCase->run()
#54 C:\Users\ruben\OneDrive\Desktop\task-manager-laravel\vendor\phpunit\phpunit\src\Framework\TestSuite.php(374): PHPUnit\Framework\TestSuite->run()
#55 C:\Users\ruben\OneDrive\Desktop\task-manager-laravel\vendor\phpunit\phpunit\src\Framework\TestSuite.php(374): PHPUnit\Framework\TestSuite->run()
#56 C:\Users\ruben\OneDrive\Desktop\task-manager-laravel\vendor\phpunit\phpunit\src\TextUI\TestRunner.php(64): PHPUnit\Framework\TestSuite->run()
#57 C:\Users\ruben\OneDrive\Desktop\task-manager-laravel\vendor\phpunit\phpunit\src\TextUI\Application.php(229): PHPUnit\TextUI\TestRunner->run(Object(PHPUnit\TextUI\Configuration\Configuration), Object(PHPUnit\Runner\ResultCache\DefaultResultCache), Object(PHPUnit\Framework\TestSuite))
#58 C:\Users\ruben\OneDrive\Desktop\task-manager-laravel\vendor\phpunit\phpunit\phpunit(104): PHPUnit\TextUI\Application->run(Array)
#59 {main}

----------------------------------------------------------------------------------

Auth guard [] is not defined.[39;22m

  at [32mtests\Feature\AuthTest.php[39m:[32m28[39m
     24Ôûò             'email' => 'RUBEN@EXAMPLE.COM',
     25Ôûò             'password' => 'password123',
     26Ôûò         ]);
     27Ôûò 
  Ô×£  28Ôûò         $response->assertRedirect(route('tasks.index'));
     29Ôûò         $this->assertAuthenticated();
     30Ôûò         $this->assertDatabaseHas('users', [
     31Ôûò             'email' => 'ruben@example.com',
     32Ôûò             'name' => 'Ruben Garcia',

  [31mÔöÇÔöÇÔöÇÔöÇÔöÇÔöÇÔöÇÔöÇÔöÇÔöÇÔöÇÔöÇÔöÇÔöÇÔöÇÔöÇÔöÇÔöÇÔöÇÔöÇÔöÇÔöÇÔöÇÔöÇÔöÇÔöÇÔöÇÔöÇÔöÇÔöÇÔöÇÔöÇÔöÇÔöÇÔöÇÔöÇÔöÇÔöÇÔöÇÔöÇÔöÇÔöÇÔöÇÔöÇÔöÇÔöÇÔöÇÔöÇÔöÇÔöÇÔöÇÔöÇÔöÇÔöÇÔöÇÔöÇÔöÇÔöÇÔöÇÔöÇÔöÇÔöÇÔöÇÔöÇÔöÇÔöÇÔöÇÔöÇÔöÇÔöÇÔöÇÔöÇÔöÇÔöÇÔöÇÔöÇ[39m  
  [41;1m FAILED [49;22m [1mTests\Feature\AuthTest[22m [90m>[39m registration rejects duplicate emails reÔÇª   
[39;1m  Expected response status code [201, 301, 302, 303, 307, 308] but received 500.
Failed asserting that false is true.

The following exception occurred during the last request:

InvalidArgumentException: Auth guard [] is not defined. in C:\Users\ruben\OneDrive\Desktop\task-manager-laravel\vendor\laravel\framework\src\Illuminate\Auth\AuthManager.php:90
Stack trace:
#0 C:\Users\ruben\OneDrive\Desktop\task-manager-laravel\vendor\laravel\framework\src\Illuminate\Auth\AuthManager.php(74): Illuminate\Auth\AuthManager->resolve(NULL)
#1 C:\Users\ruben\OneDrive\Desktop\task-manager-laravel\vendor\laravel\framework\src\Illuminate\Support\Facades\Facade.php(363): Illuminate\Auth\AuthManager->guard(NULL)
#2 C:\Users\ruben\OneDrive\Desktop\task-manager-laravel\vendor\laravel\framework\src\Illuminate\Auth\Middleware\RedirectIfAuthenticated.php(42): Illuminate\Support\Facades\Facade::__callStatic('guard', Array)
#3 C:\Users\ruben\OneDrive\Desktop\task-manager-laravel\vendor\laravel\framework\src\Illuminate\Pipeline\Pipeline.php(219): Illuminate\Auth\Middleware\RedirectIfAuthenticated->handle(Object(Illuminate\Http\Request), Object(Closure))
#4 C:\Users\ruben\OneDrive\Desktop\task-manager-laravel\vendor\laravel\framework\src\Illuminate\Routing\Middleware\SubstituteBindings.php(52): Illuminate\Pipeline\Pipeline->{closure:{closure:Illuminate\Pipeline\Pipeline::carry():194}:195}(Object(Illuminate\Http\Request))
#5 C:\Users\ruben\OneDrive\Desktop\task-manager-laravel\vendor\laravel\framework\src\Illuminate\Pipeline\Pipeline.php(219): Illuminate\Routing\Middleware\SubstituteBindings->handle(Object(Illuminate\Http\Request), Object(Closure))
#6 C:\Users\ruben\OneDrive\Desktop\task-manager-laravel\vendor\laravel\framework\src\Illuminate\Foundation\Http\Middleware\PreventRequestForgery.php(104): Illuminate\Pipeline\Pipeline->{closure:{closure:Illuminate\Pipeline\Pipeline::carry():194}:195}(Object(Illuminate\Http\Request))
#7 C:\Users\ruben\OneDrive\Desktop\task-manager-laravel\vendor\laravel\framework\src\Illuminate\Pipeline\Pipeline.php(219): Illuminate\Foundation\Http\Middleware\PreventRequestForgery->handle(Object(Illuminate\Http\Request), Object(Closure))
#8 C:\Users\ruben\OneDrive\Desktop\task-manager-laravel\vendor\laravel\framework\src\Illuminate\View\Middleware\ShareErrorsFromSession.php(48): Illuminate\Pipeline\Pipeline->{closure:{closure:Illuminate\Pipeline\Pipeline::carry():194}:195}(Object(Illuminate\Http\Request))
#9 C:\Users\ruben\OneDrive\Desktop\task-manager-laravel\vendor\laravel\framework\src\Illuminate\Pipeline\Pipeline.php(219): Illuminate\View\Middleware\ShareErrorsFromSession->handle(Object(Illuminate\Http\Request), Object(Closure))
#10 C:\Users\ruben\OneDrive\Desktop\task-manager-laravel\vendor\laravel\framework\src\Illuminate\Session\Middleware\StartSession.php(120): Illuminate\Pipeline\Pipeline->{closure:{closure:Illuminate\Pipeline\Pipeline::carry():194}:195}(Object(Illuminate\Http\Request))
#11 C:\Users\ruben\OneDrive\Desktop\task-manager-laravel\vendor\laravel\framework\src\Illuminate\Session\Middleware\StartSession.php(63): Illuminate\Session\Middleware\StartSession->handleStatefulRequest(Object(Illuminate\Http\Request), Object(Illuminate\Session\Store), Object(Closure))
#12 C:\Users\ruben\OneDrive\Desktop\task-manager-laravel\vendor\laravel\framework\src\Illuminate\Pipeline\Pipeline.php(219): Illuminate\Session\Middleware\StartSession->handle(Object(Illuminate\Http\Request), Object(Closure))
#13 C:\Users\ruben\OneDrive\Desktop\task-manager-laravel\vendor\laravel\framework\src\Illuminate\Cookie\Middleware\AddQueuedCookiesToResponse.php(36): Illuminate\Pipeline\Pipeline->{closure:{closure:Illuminate\Pipeline\Pipeline::carry():194}:195}(Object(Illuminate\Http\Request))
#14 C:\Users\ruben\OneDrive\Desktop\task-manager-laravel\vendor\laravel\framework\src\Illuminate\Pipeline\Pipeline.php(219): Illuminate\Cookie\Middleware\AddQueuedCookiesToResponse->handle(Object(Illuminate\Http\Request), Object(Closure))
#15 C:\Users\ruben\OneDrive\Desktop\task-manager-laravel\vendor\laravel\framework\src\Illuminate\Cookie\Middleware\EncryptCookies.php(74): Illuminate\Pipeline\Pipeline->{closure:{closure:Illuminate\Pipeline\Pipeline::carry():194}:195}(Object(Illuminate\Http\Request))
#16 C:\Users\ruben\OneDrive\Desktop\task-manager-laravel\vendor\laravel\framework\src\Illuminate\Pipeline\Pipeline.php(219): Illuminate\Cookie\Middleware\EncryptCookies->handle(Object(Illuminate\Http\Request), Object(Closure))
#17 C:\Users\ruben\OneDrive\Desktop\task-manager-laravel\vendor\laravel\framework\src\Illuminate\Pipeline\Pipeline.php(137): Illuminate\Pipeline\Pipeline->{closure:{closure:Illuminate\Pipeline\Pipeline::carry():194}:195}(Object(Illuminate\Http\Request))
#18 C:\Users\ruben\OneDrive\Desktop\task-manager-laravel\vendor\laravel\framework\src\Illuminate\Routing\Router.php(821): Illuminate\Pipeline\Pipeline->then(Object(Closure))
#19 C:\Users\ruben\OneDrive\Desktop\task-manager-laravel\vendor\laravel\framework\src\Illuminate\Routing\Router.php(800): Illuminate\Routing\Router->runRouteWithinStack(Object(Illuminate\Routing\Route), Object(Illuminate\Http\Request))
#20 C:\Users\ruben\OneDrive\Desktop\task-manager-laravel\vendor\laravel\framework\src\Illuminate\Routing\Router.php(764): Illuminate\Routing\Router->runRoute(Object(Illuminate\Http\Request), Object(Illuminate\Routing\Route))
#21 C:\Users\ruben\OneDrive\Desktop\task-manager-laravel\vendor\laravel\framework\src\Illuminate\Routing\Router.php(753): Illuminate\Routing\Router->dispatchToRoute(Object(Illuminate\Http\Request))
#22 C:\Users\ruben\OneDrive\Desktop\task-manager-laravel\vendor\laravel\framework\src\Illuminate\Foundation\Http\Kernel.php(200): Illuminate\Routing\Router->dispatch(Object(Illuminate\Http\Request))
#23 C:\Users\ruben\OneDrive\Desktop\task-manager-laravel\vendor\laravel\framework\src\Illuminate\Pipeline\Pipeline.php(180): Illuminate\Foundation\Http\Kernel->{closure:Illuminate\Foundation\Http\Kernel::dispatchToRouter():197}(Object(Illuminate\Http\Request))
#24 C:\Users\ruben\OneDrive\Desktop\task-manager-laravel\vendor\laravel\framework\src\Illuminate\Foundation\Http\Middleware\TransformsRequest.php(21): Illuminate\Pipeline\Pipeline->{closure:Illuminate\Pipeline\Pipeline::prepareDestination():178}(Object(Illuminate\Http\Request))
#25 C:\Users\ruben\OneDrive\Desktop\task-manager-laravel\vendor\laravel\framework\src\Illuminate\Foundation\Http\Middleware\ConvertEmptyStringsToNull.php(31): Illuminate\Foundation\Http\Middleware\TransformsRequest->handle(Object(Illuminate\Http\Request), Object(Closure))
#26 C:\Users\ruben\OneDrive\Desktop\task-manager-laravel\vendor\laravel\framework\src\Illuminate\Pipeline\Pipeline.php(219): Illuminate\Foundation\Http\Middleware\ConvertEmptyStringsToNull->handle(Object(Illuminate\Http\Request), Object(Closure))
#27 C:\Users\ruben\OneDrive\Desktop\task-manager-laravel\vendor\laravel\framework\src\Illuminate\Foundation\Http\Middleware\TransformsRequest.php(21): Illuminate\Pipeline\Pipeline->{closure:{closure:Illuminate\Pipeline\Pipeline::carry():194}:195}(Object(Illuminate\Http\Request))
#28 C:\Users\ruben\OneDrive\Desktop\task-manager-laravel\vendor\laravel\framework\src\Illuminate\Foundation\Http\Middleware\TrimStrings.php(51): Illuminate\Foundation\Http\Middleware\TransformsRequest->handle(Object(Illuminate\Http\Request), Object(Closure))
#29 C:\Users\ruben\OneDrive\Desktop\task-manager-laravel\vendor\laravel\framework\src\Illuminate\Pipeline\Pipeline.php(219): Illuminate\Foundation\Http\Middleware\TrimStrings->handle(Object(Illuminate\Http\Request), Object(Closure))
#30 C:\Users\ruben\OneDrive\Desktop\task-manager-laravel\vendor\laravel\framework\src\Illuminate\Http\Middleware\ValidatePostSize.php(27): Illuminate\Pipeline\Pipeline->{closure:{closure:Illuminate\Pipeline\Pipeline::carry():194}:195}(Object(Illuminate\Http\Request))
#31 C:\Users\ruben\OneDrive\Desktop\task-manager-laravel\vendor\laravel\framework\src\Illuminate\Pipeline\Pipeline.php(219): Illuminate\Http\Middleware\ValidatePostSize->handle(Object(Illuminate\Http\Request), Object(Closure))
#32 C:\Users\ruben\OneDrive\Desktop\task-manager-laravel\vendor\laravel\framework\src\Illuminate\Foundation\Http\Middleware\PreventRequestsDuringMaintenance.php(109): Illuminate\Pipeline\Pipeline->{closure:{closure:Illuminate\Pipeline\Pipeline::carry():194}:195}(Object(Illuminate\Http\Request))
#33 C:\Users\ruben\OneDrive\Desktop\task-manager-laravel\vendor\laravel\framework\src\Illuminate\Pipeline\Pipeline.php(219): Illuminate\Foundation\Http\Middleware\PreventRequestsDuringMaintenance->handle(Object(Illuminate\Http\Request), Object(Closure))
#34 C:\Users\ruben\OneDrive\Desktop\task-manager-laravel\vendor\laravel\framework\src\Illuminate\Http\Middleware\HandleCors.php(61): Illuminate\Pipeline\Pipeline->{closure:{closure:Illuminate\Pipeline\Pipeline::carry():194}:195}(Object(Illuminate\Http\Request))
#35 C:\Users\ruben\OneDrive\Desktop\task-manager-laravel\vendor\laravel\framework\src\Illuminate\Pipeline\Pipeline.php(219): Illuminate\Http\Middleware\HandleCors->handle(Object(Illuminate\Http\Request), Object(Closure))
#36 C:\Users\ruben\OneDrive\Desktop\task-manager-laravel\vendor\laravel\framework\src\Illuminate\Http\Middleware\TrustProxies.php(58): Illuminate\Pipeline\Pipeline->{closure:{closure:Illuminate\Pipeline\Pipeline::carry():194}:195}(Object(Illuminate\Http\Request))
#37 C:\Users\ruben\OneDrive\Desktop\task-manager-laravel\vendor\laravel\framework\src\Illuminate\Pipeline\Pipeline.php(219): Illuminate\Http\Middleware\TrustProxies->handle(Object(Illuminate\Http\Request), Object(Closure))
#38 C:\Users\ruben\OneDrive\Desktop\task-manager-laravel\vendor\laravel\framework\src\Illuminate\Foundation\Http\Middleware\InvokeDeferredCallbacks.php(22): Illuminate\Pipeline\Pipeline->{closure:{closure:Illuminate\Pipeline\Pipeline::carry():194}:195}(Object(Illuminate\Http\Request))
#39 C:\Users\ruben\OneDrive\Desktop\task-manager-laravel\vendor\laravel\framework\src\Illuminate\Pipeline\Pipeline.php(219): Illuminate\Foundation\Http\Middleware\InvokeDeferredCallbacks->handle(Object(Illuminate\Http\Request), Object(Closure))
#40 C:\Users\ruben\OneDrive\Desktop\task-manager-laravel\vendor\laravel\framework\src\Illuminate\Http\Middleware\ValidatePathEncoding.php(28): Illuminate\Pipeline\Pipeline->{closure:{closure:Illuminate\Pipeline\Pipeline::carry():194}:195}(Object(Illuminate\Http\Request))
#41 C:\Users\ruben\OneDrive\Desktop\task-manager-laravel\vendor\laravel\framework\src\Illuminate\Pipeline\Pipeline.php(219): Illuminate\Http\Middleware\ValidatePathEncoding->handle(Object(Illuminate\Http\Request), Object(Closure))
#42 C:\Users\ruben\OneDrive\Desktop\task-manager-laravel\vendor\laravel\framework\src\Illuminate\Pipeline\Pipeline.php(137): Illuminate\Pipeline\Pipeline->{closure:{closure:Illuminate\Pipeline\Pipeline::carry():194}:195}(Object(Illuminate\Http\Request))
#43 C:\Users\ruben\OneDrive\Desktop\task-manager-laravel\vendor\laravel\framework\src\Illuminate\Foundation\Http\Kernel.php(175): Illuminate\Pipeline\Pipeline->then(Object(Closure))
#44 C:\Users\ruben\OneDrive\Desktop\task-manager-laravel\vendor\laravel\framework\src\Illuminate\Foundation\Http\Kernel.php(144): Illuminate\Foundation\Http\Kernel->sendRequestThroughRouter(Object(Illuminate\Http\Request))
#45 C:\Users\ruben\OneDrive\Desktop\task-manager-laravel\vendor\laravel\framework\src\Illuminate\Foundation\Testing\Concerns\MakesHttpRequests.php(607): Illuminate\Foundation\Http\Kernel->handle(Object(Illuminate\Http\Request))
#46 C:\Users\ruben\OneDrive\Desktop\task-manager-laravel\vendor\laravel\framework\src\Illuminate\Foundation\Testing\Concerns\MakesHttpRequests.php(397): Illuminate\Foundation\Testing\TestCase->call('POST', '/register', Array, Array, Array, Array)
#47 C:\Users\ruben\OneDrive\Desktop\task-manager-laravel\tests\Feature\AuthTest.php(42): Illuminate\Foundation\Testing\TestCase->post('/register', Array)
#48 C:\Users\ruben\OneDrive\Desktop\task-manager-laravel\vendor\phpunit\phpunit\src\Framework\TestCase.php(1310): Tests\Feature\AuthTest->test_registration_rejects_duplicate_emails_regardless_of_case()
#49 C:\Users\ruben\OneDrive\Desktop\task-manager-laravel\vendor\phpunit\phpunit\src\Framework\TestCase.php(1344): PHPUnit\Framework\TestCase->invokeTestMethod('test_registrati...', Array)
#50 C:\Users\ruben\OneDrive\Desktop\task-manager-laravel\vendor\phpunit\phpunit\src\Framework\TestCase.php(520): PHPUnit\Framework\TestCase->runTest()
#51 C:\Users\ruben\OneDrive\Desktop\task-manager-laravel\vendor\phpunit\phpunit\src\Framework\TestRunner\TestRunner.php(99): PHPUnit\Framework\TestCase->runBare()
#52 C:\Users\ruben\OneDrive\Desktop\task-manager-laravel\vendor\phpunit\phpunit\src\Framework\TestCase.php(360): PHPUnit\Framework\TestRunner->run(Object(Tests\Feature\AuthTest))
#53 C:\Users\ruben\OneDrive\Desktop\task-manager-laravel\vendor\phpunit\phpunit\src\Framework\TestSuite.php(374): PHPUnit\Framework\TestCase->run()
#54 C:\Users\ruben\OneDrive\Desktop\task-manager-laravel\vendor\phpunit\phpunit\src\Framework\TestSuite.php(374): PHPUnit\Framework\TestSuite->run()
#55 C:\Users\ruben\OneDrive\Desktop\task-manager-laravel\vendor\phpunit\phpunit\src\Framework\TestSuite.php(374): PHPUnit\Framework\TestSuite->run()
#56 C:\Users\ruben\OneDrive\Desktop\task-manager-laravel\vendor\phpunit\phpunit\src\TextUI\TestRunner.php(64): PHPUnit\Framework\TestSuite->run()
#57 C:\Users\ruben\OneDrive\Desktop\task-manager-laravel\vendor\phpunit\phpunit\src\TextUI\Application.php(229): PHPUnit\TextUI\TestRunner->run(Object(PHPUnit\TextUI\Configuration\Configuration), Object(PHPUnit\Runner\ResultCache\DefaultResultCache), Object(PHPUnit\Framework\TestSuite))
#58 C:\Users\ruben\OneDrive\Desktop\task-manager-laravel\vendor\phpunit\phpunit\phpunit(104): PHPUnit\TextUI\Application->run(Array)
#59 {main}

----------------------------------------------------------------------------------

Auth guard [] is not defined.[39;22m

  at [32mtests\Feature\AuthTest.php[39m:[32m49[39m
     45Ôûò             'password' => 'password123',
     46Ôûò         ]);
     47Ôûò 
     48Ôûò         $response
  Ô×£  49Ôûò             ->assertRedirect('/register')
     50Ôûò             ->assertSessionHasErrors('email');
     51Ôûò     }
     52Ôûò 
     53Ôûò     public function test_a_user_can_log_in_with_email_and_password(): void

  [31mÔöÇÔöÇÔöÇÔöÇÔöÇÔöÇÔöÇÔöÇÔöÇÔöÇÔöÇÔöÇÔöÇÔöÇÔöÇÔöÇÔöÇÔöÇÔöÇÔöÇÔöÇÔöÇÔöÇÔöÇÔöÇÔöÇÔöÇÔöÇÔöÇÔöÇÔöÇÔöÇÔöÇÔöÇÔöÇÔöÇÔöÇÔöÇÔöÇÔöÇÔöÇÔöÇÔöÇÔöÇÔöÇÔöÇÔöÇÔöÇÔöÇÔöÇÔöÇÔöÇÔöÇÔöÇÔöÇÔöÇÔöÇÔöÇÔöÇÔöÇÔöÇÔöÇÔöÇÔöÇÔöÇÔöÇÔöÇÔöÇÔöÇÔöÇÔöÇÔöÇÔöÇÔöÇÔöÇÔöÇ[39m  
  [41;1m FAILED [49;22m [1mTests\Feature\AuthTest[22m [90m>[39m a user can log in with email and passworÔÇª   
[39;1m  Expected response status code [201, 301, 302, 303, 307, 308] but received 500.
Failed asserting that false is true.

The following exception occurred during the last request:

InvalidArgumentException: Auth guard [] is not defined. in C:\Users\ruben\OneDrive\Desktop\task-manager-laravel\vendor\laravel\framework\src\Illuminate\Auth\AuthManager.php:90
Stack trace:
#0 C:\Users\ruben\OneDrive\Desktop\task-manager-laravel\vendor\laravel\framework\src\Illuminate\Auth\AuthManager.php(74): Illuminate\Auth\AuthManager->resolve(NULL)
#1 C:\Users\ruben\OneDrive\Desktop\task-manager-laravel\vendor\laravel\framework\src\Illuminate\Support\Facades\Facade.php(363): Illuminate\Auth\AuthManager->guard(NULL)
#2 C:\Users\ruben\OneDrive\Desktop\task-manager-laravel\vendor\laravel\framework\src\Illuminate\Auth\Middleware\RedirectIfAuthenticated.php(42): Illuminate\Support\Facades\Facade::__callStatic('guard', Array)
#3 C:\Users\ruben\OneDrive\Desktop\task-manager-laravel\vendor\laravel\framework\src\Illuminate\Pipeline\Pipeline.php(219): Illuminate\Auth\Middleware\RedirectIfAuthenticated->handle(Object(Illuminate\Http\Request), Object(Closure))
#4 C:\Users\ruben\OneDrive\Desktop\task-manager-laravel\vendor\laravel\framework\src\Illuminate\Routing\Middleware\SubstituteBindings.php(52): Illuminate\Pipeline\Pipeline->{closure:{closure:Illuminate\Pipeline\Pipeline::carry():194}:195}(Object(Illuminate\Http\Request))
#5 C:\Users\ruben\OneDrive\Desktop\task-manager-laravel\vendor\laravel\framework\src\Illuminate\Pipeline\Pipeline.php(219): Illuminate\Routing\Middleware\SubstituteBindings->handle(Object(Illuminate\Http\Request), Object(Closure))
#6 C:\Users\ruben\OneDrive\Desktop\task-manager-laravel\vendor\laravel\framework\src\Illuminate\Foundation\Http\Middleware\PreventRequestForgery.php(104): Illuminate\Pipeline\Pipeline->{closure:{closure:Illuminate\Pipeline\Pipeline::carry():194}:195}(Object(Illuminate\Http\Request))
#7 C:\Users\ruben\OneDrive\Desktop\task-manager-laravel\vendor\laravel\framework\src\Illuminate\Pipeline\Pipeline.php(219): Illuminate\Foundation\Http\Middleware\PreventRequestForgery->handle(Object(Illuminate\Http\Request), Object(Closure))
#8 C:\Users\ruben\OneDrive\Desktop\task-manager-laravel\vendor\laravel\framework\src\Illuminate\View\Middleware\ShareErrorsFromSession.php(48): Illuminate\Pipeline\Pipeline->{closure:{closure:Illuminate\Pipeline\Pipeline::carry():194}:195}(Object(Illuminate\Http\Request))
#9 C:\Users\ruben\OneDrive\Desktop\task-manager-laravel\vendor\laravel\framework\src\Illuminate\Pipeline\Pipeline.php(219): Illuminate\View\Middleware\ShareErrorsFromSession->handle(Object(Illuminate\Http\Request), Object(Closure))
#10 C:\Users\ruben\OneDrive\Desktop\task-manager-laravel\vendor\laravel\framework\src\Illuminate\Session\Middleware\StartSession.php(120): Illuminate\Pipeline\Pipeline->{closure:{closure:Illuminate\Pipeline\Pipeline::carry():194}:195}(Object(Illuminate\Http\Request))
#11 C:\Users\ruben\OneDrive\Desktop\task-manager-laravel\vendor\laravel\framework\src\Illuminate\Session\Middleware\StartSession.php(63): Illuminate\Session\Middleware\StartSession->handleStatefulRequest(Object(Illuminate\Http\Request), Object(Illuminate\Session\Store), Object(Closure))
#12 C:\Users\ruben\OneDrive\Desktop\task-manager-laravel\vendor\laravel\framework\src\Illuminate\Pipeline\Pipeline.php(219): Illuminate\Session\Middleware\StartSession->handle(Object(Illuminate\Http\Request), Object(Closure))
#13 C:\Users\ruben\OneDrive\Desktop\task-manager-laravel\vendor\laravel\framework\src\Illuminate\Cookie\Middleware\AddQueuedCookiesToResponse.php(36): Illuminate\Pipeline\Pipeline->{closure:{closure:Illuminate\Pipeline\Pipeline::carry():194}:195}(Object(Illuminate\Http\Request))
#14 C:\Users\ruben\OneDrive\Desktop\task-manager-laravel\vendor\laravel\framework\src\Illuminate\Pipeline\Pipeline.php(219): Illuminate\Cookie\Middleware\AddQueuedCookiesToResponse->handle(Object(Illuminate\Http\Request), Object(Closure))
#15 C:\Users\ruben\OneDrive\Desktop\task-manager-laravel\vendor\laravel\framework\src\Illuminate\Cookie\Middleware\EncryptCookies.php(74): Illuminate\Pipeline\Pipeline->{closure:{closure:Illuminate\Pipeline\Pipeline::carry():194}:195}(Object(Illuminate\Http\Request))
#16 C:\Users\ruben\OneDrive\Desktop\task-manager-laravel\vendor\laravel\framework\src\Illuminate\Pipeline\Pipeline.php(219): Illuminate\Cookie\Middleware\EncryptCookies->handle(Object(Illuminate\Http\Request), Object(Closure))
#17 C:\Users\ruben\OneDrive\Desktop\task-manager-laravel\vendor\laravel\framework\src\Illuminate\Pipeline\Pipeline.php(137): Illuminate\Pipeline\Pipeline->{closure:{closure:Illuminate\Pipeline\Pipeline::carry():194}:195}(Object(Illuminate\Http\Request))
#18 C:\Users\ruben\OneDrive\Desktop\task-manager-laravel\vendor\laravel\framework\src\Illuminate\Routing\Router.php(821): Illuminate\Pipeline\Pipeline->then(Object(Closure))
#19 C:\Users\ruben\OneDrive\Desktop\task-manager-laravel\vendor\laravel\framework\src\Illuminate\Routing\Router.php(800): Illuminate\Routing\Router->runRouteWithinStack(Object(Illuminate\Routing\Route), Object(Illuminate\Http\Request))
#20 C:\Users\ruben\OneDrive\Desktop\task-manager-laravel\vendor\laravel\framework\src\Illuminate\Routing\Router.php(764): Illuminate\Routing\Router->runRoute(Object(Illuminate\Http\Request), Object(Illuminate\Routing\Route))
#21 C:\Users\ruben\OneDrive\Desktop\task-manager-laravel\vendor\laravel\framework\src\Illuminate\Routing\Router.php(753): Illuminate\Routing\Router->dispatchToRoute(Object(Illuminate\Http\Request))
#22 C:\Users\ruben\OneDrive\Desktop\task-manager-laravel\vendor\laravel\framework\src\Illuminate\Foundation\Http\Kernel.php(200): Illuminate\Routing\Router->dispatch(Object(Illuminate\Http\Request))
#23 C:\Users\ruben\OneDrive\Desktop\task-manager-laravel\vendor\laravel\framework\src\Illuminate\Pipeline\Pipeline.php(180): Illuminate\Foundation\Http\Kernel->{closure:Illuminate\Foundation\Http\Kernel::dispatchToRouter():197}(Object(Illuminate\Http\Request))
#24 C:\Users\ruben\OneDrive\Desktop\task-manager-laravel\vendor\laravel\framework\src\Illuminate\Foundation\Http\Middleware\TransformsRequest.php(21): Illuminate\Pipeline\Pipeline->{closure:Illuminate\Pipeline\Pipeline::prepareDestination():178}(Object(Illuminate\Http\Request))
#25 C:\Users\ruben\OneDrive\Desktop\task-manager-laravel\vendor\laravel\framework\src\Illuminate\Foundation\Http\Middleware\ConvertEmptyStringsToNull.php(31): Illuminate\Foundation\Http\Middleware\TransformsRequest->handle(Object(Illuminate\Http\Request), Object(Closure))
#26 C:\Users\ruben\OneDrive\Desktop\task-manager-laravel\vendor\laravel\framework\src\Illuminate\Pipeline\Pipeline.php(219): Illuminate\Foundation\Http\Middleware\ConvertEmptyStringsToNull->handle(Object(Illuminate\Http\Request), Object(Closure))
#27 C:\Users\ruben\OneDrive\Desktop\task-manager-laravel\vendor\laravel\framework\src\Illuminate\Foundation\Http\Middleware\TransformsRequest.php(21): Illuminate\Pipeline\Pipeline->{closure:{closure:Illuminate\Pipeline\Pipeline::carry():194}:195}(Object(Illuminate\Http\Request))
#28 C:\Users\ruben\OneDrive\Desktop\task-manager-laravel\vendor\laravel\framework\src\Illuminate\Foundation\Http\Middleware\TrimStrings.php(51): Illuminate\Foundation\Http\Middleware\TransformsRequest->handle(Object(Illuminate\Http\Request), Object(Closure))
#29 C:\Users\ruben\OneDrive\Desktop\task-manager-laravel\vendor\laravel\framework\src\Illuminate\Pipeline\Pipeline.php(219): Illuminate\Foundation\Http\Middleware\TrimStrings->handle(Object(Illuminate\Http\Request), Object(Closure))
#30 C:\Users\ruben\OneDrive\Desktop\task-manager-laravel\vendor\laravel\framework\src\Illuminate\Http\Middleware\ValidatePostSize.php(27): Illuminate\Pipeline\Pipeline->{closure:{closure:Illuminate\Pipeline\Pipeline::carry():194}:195}(Object(Illuminate\Http\Request))
#31 C:\Users\ruben\OneDrive\Desktop\task-manager-laravel\vendor\laravel\framework\src\Illuminate\Pipeline\Pipeline.php(219): Illuminate\Http\Middleware\ValidatePostSize->handle(Object(Illuminate\Http\Request), Object(Closure))
#32 C:\Users\ruben\OneDrive\Desktop\task-manager-laravel\vendor\laravel\framework\src\Illuminate\Foundation\Http\Middleware\PreventRequestsDuringMaintenance.php(109): Illuminate\Pipeline\Pipeline->{closure:{closure:Illuminate\Pipeline\Pipeline::carry():194}:195}(Object(Illuminate\Http\Request))
#33 C:\Users\ruben\OneDrive\Desktop\task-manager-laravel\vendor\laravel\framework\src\Illuminate\Pipeline\Pipeline.php(219): Illuminate\Foundation\Http\Middleware\PreventRequestsDuringMaintenance->handle(Object(Illuminate\Http\Request), Object(Closure))
#34 C:\Users\ruben\OneDrive\Desktop\task-manager-laravel\vendor\laravel\framework\src\Illuminate\Http\Middleware\HandleCors.php(61): Illuminate\Pipeline\Pipeline->{closure:{closure:Illuminate\Pipeline\Pipeline::carry():194}:195}(Object(Illuminate\Http\Request))
#35 C:\Users\ruben\OneDrive\Desktop\task-manager-laravel\vendor\laravel\framework\src\Illuminate\Pipeline\Pipeline.php(219): Illuminate\Http\Middleware\HandleCors->handle(Object(Illuminate\Http\Request), Object(Closure))
#36 C:\Users\ruben\OneDrive\Desktop\task-manager-laravel\vendor\laravel\framework\src\Illuminate\Http\Middleware\TrustProxies.php(58): Illuminate\Pipeline\Pipeline->{closure:{closure:Illuminate\Pipeline\Pipeline::carry():194}:195}(Object(Illuminate\Http\Request))
#37 C:\Users\ruben\OneDrive\Desktop\task-manager-laravel\vendor\laravel\framework\src\Illuminate\Pipeline\Pipeline.php(219): Illuminate\Http\Middleware\TrustProxies->handle(Object(Illuminate\Http\Request), Object(Closure))
#38 C:\Users\ruben\OneDrive\Desktop\task-manager-laravel\vendor\laravel\framework\src\Illuminate\Foundation\Http\Middleware\InvokeDeferredCallbacks.php(22): Illuminate\Pipeline\Pipeline->{closure:{closure:Illuminate\Pipeline\Pipeline::carry():194}:195}(Object(Illuminate\Http\Request))
#39 C:\Users\ruben\OneDrive\Desktop\task-manager-laravel\vendor\laravel\framework\src\Illuminate\Pipeline\Pipeline.php(219): Illuminate\Foundation\Http\Middleware\InvokeDeferredCallbacks->handle(Object(Illuminate\Http\Request), Object(Closure))
#40 C:\Users\ruben\OneDrive\Desktop\task-manager-laravel\vendor\laravel\framework\src\Illuminate\Http\Middleware\ValidatePathEncoding.php(28): Illuminate\Pipeline\Pipeline->{closure:{closure:Illuminate\Pipeline\Pipeline::carry():194}:195}(Object(Illuminate\Http\Request))
#41 C:\Users\ruben\OneDrive\Desktop\task-manager-laravel\vendor\laravel\framework\src\Illuminate\Pipeline\Pipeline.php(219): Illuminate\Http\Middleware\ValidatePathEncoding->handle(Object(Illuminate\Http\Request), Object(Closure))
#42 C:\Users\ruben\OneDrive\Desktop\task-manager-laravel\vendor\laravel\framework\src\Illuminate\Pipeline\Pipeline.php(137): Illuminate\Pipeline\Pipeline->{closure:{closure:Illuminate\Pipeline\Pipeline::carry():194}:195}(Object(Illuminate\Http\Request))
#43 C:\Users\ruben\OneDrive\Desktop\task-manager-laravel\vendor\laravel\framework\src\Illuminate\Foundation\Http\Kernel.php(175): Illuminate\Pipeline\Pipeline->then(Object(Closure))
#44 C:\Users\ruben\OneDrive\Desktop\task-manager-laravel\vendor\laravel\framework\src\Illuminate\Foundation\Http\Kernel.php(144): Illuminate\Foundation\Http\Kernel->sendRequestThroughRouter(Object(Illuminate\Http\Request))
#45 C:\Users\ruben\OneDrive\Desktop\task-manager-laravel\vendor\laravel\framework\src\Illuminate\Foundation\Testing\Concerns\MakesHttpRequests.php(607): Illuminate\Foundation\Http\Kernel->handle(Object(Illuminate\Http\Request))
#46 C:\Users\ruben\OneDrive\Desktop\task-manager-laravel\vendor\laravel\framework\src\Illuminate\Foundation\Testing\Concerns\MakesHttpRequests.php(397): Illuminate\Foundation\Testing\TestCase->call('POST', '/login', Array, Array, Array, Array)
#47 C:\Users\ruben\OneDrive\Desktop\task-manager-laravel\tests\Feature\AuthTest.php(59): Illuminate\Foundation\Testing\TestCase->post('/login', Array)
#48 C:\Users\ruben\OneDrive\Desktop\task-manager-laravel\vendor\phpunit\phpunit\src\Framework\TestCase.php(1310): Tests\Feature\AuthTest->test_a_user_can_log_in_with_email_and_password()
#49 C:\Users\ruben\OneDrive\Desktop\task-manager-laravel\vendor\phpunit\phpunit\src\Framework\TestCase.php(1344): PHPUnit\Framework\TestCase->invokeTestMethod('test_a_user_can...', Array)
#50 C:\Users\ruben\OneDrive\Desktop\task-manager-laravel\vendor\phpunit\phpunit\src\Framework\TestCase.php(520): PHPUnit\Framework\TestCase->runTest()
#51 C:\Users\ruben\OneDrive\Desktop\task-manager-laravel\vendor\phpunit\phpunit\src\Framework\TestRunner\TestRunner.php(99): PHPUnit\Framework\TestCase->runBare()
#52 C:\Users\ruben\OneDrive\Desktop\task-manager-laravel\vendor\phpunit\phpunit\src\Framework\TestCase.php(360): PHPUnit\Framework\TestRunner->run(Object(Tests\Feature\AuthTest))
#53 C:\Users\ruben\OneDrive\Desktop\task-manager-laravel\vendor\phpunit\phpunit\src\Framework\TestSuite.php(374): PHPUnit\Framework\TestCase->run()
#54 C:\Users\ruben\OneDrive\Desktop\task-manager-laravel\vendor\phpunit\phpunit\src\Framework\TestSuite.php(374): PHPUnit\Framework\TestSuite->run()
#55 C:\Users\ruben\OneDrive\Desktop\task-manager-laravel\vendor\phpunit\phpunit\src\Framework\TestSuite.php(374): PHPUnit\Framework\TestSuite->run()
#56 C:\Users\ruben\OneDrive\Desktop\task-manager-laravel\vendor\phpunit\phpunit\src\TextUI\TestRunner.php(64): PHPUnit\Framework\TestSuite->run()
#57 C:\Users\ruben\OneDrive\Desktop\task-manager-laravel\vendor\phpunit\phpunit\src\TextUI\Application.php(229): PHPUnit\TextUI\TestRunner->run(Object(PHPUnit\TextUI\Configuration\Configuration), Object(PHPUnit\Runner\ResultCache\DefaultResultCache), Object(PHPUnit\Framework\TestSuite))
#58 C:\Users\ruben\OneDrive\Desktop\task-manager-laravel\vendor\phpunit\phpunit\phpunit(104): PHPUnit\TextUI\Application->run(Array)
#59 {main}

----------------------------------------------------------------------------------

Auth guard [] is not defined.[39;22m

  at [32mtests\Feature\AuthTest.php[39m:[32m64[39m
     60Ôûò             'email' => 'RUBEN@EXAMPLE.COM',
     61Ôûò             'password' => 'password123',
     62Ôûò         ]);
     63Ôûò 
  Ô×£  64Ôûò         $response->assertRedirect(route('tasks.index'));
     65Ôûò         $this->assertAuthenticatedAs($user);
     66Ôûò     }
     67Ôûò }


  [90mTests:[39m    [31;1m4 failed[39;22m[90m (4 assertions)[39m
  [90mDuration:[39m [39m4.01s[39m

